Archive member included to satisfy reference by file (symbol)

c:/st/stm32cubeide_1.12.0/stm32cubeide/plugins/com.st.stm32cube.ide.mcu.externaltools.gnu-tools-for-stm32.10.3-2021.10.win32_1.0.200.202301161003/tools/bin/../lib/gcc/arm-none-eabi/10.3.1/../../../../arm-none-eabi/lib/thumb/v7-m/nofp\libc_nano.a(lib_a-errno.o)
                              ./Core/Src/syscalls.o (__errno)
c:/st/stm32cubeide_1.12.0/stm32cubeide/plugins/com.st.stm32cube.ide.mcu.externaltools.gnu-tools-for-stm32.10.3-2021.10.win32_1.0.200.202301161003/tools/bin/../lib/gcc/arm-none-eabi/10.3.1/../../../../arm-none-eabi/lib/thumb/v7-m/nofp\libc_nano.a(lib_a-exit.o)
                              c:/st/stm32cubeide_1.12.0/stm32cubeide/plugins/com.st.stm32cube.ide.mcu.externaltools.gnu-tools-for-stm32.10.3-2021.10.win32_1.0.200.202301161003/tools/bin/../lib/gcc/arm-none-eabi/10.3.1/../../../../arm-none-eabi/lib/thumb/v7-m/nofp/crt0.o (exit)
c:/st/stm32cubeide_1.12.0/stm32cubeide/plugins/com.st.stm32cube.ide.mcu.externaltools.gnu-tools-for-stm32.10.3-2021.10.win32_1.0.200.202301161003/tools/bin/../lib/gcc/arm-none-eabi/10.3.1/../../../../arm-none-eabi/lib/thumb/v7-m/nofp\libc_nano.a(lib_a-impure.o)
                              c:/st/stm32cubeide_1.12.0/stm32cubeide/plugins/com.st.stm32cube.ide.mcu.externaltools.gnu-tools-for-stm32.10.3-2021.10.win32_1.0.200.202301161003/tools/bin/../lib/gcc/arm-none-eabi/10.3.1/../../../../arm-none-eabi/lib/thumb/v7-m/nofp\libc_nano.a(lib_a-exit.o) (_global_impure_ptr)
c:/st/stm32cubeide_1.12.0/stm32cubeide/plugins/com.st.stm32cube.ide.mcu.externaltools.gnu-tools-for-stm32.10.3-2021.10.win32_1.0.200.202301161003/tools/bin/../lib/gcc/arm-none-eabi/10.3.1/../../../../arm-none-eabi/lib/thumb/v7-m/nofp\libc_nano.a(lib_a-init.o)
                              c:/st/stm32cubeide_1.12.0/stm32cubeide/plugins/com.st.stm32cube.ide.mcu.externaltools.gnu-tools-for-stm32.10.3-2021.10.win32_1.0.200.202301161003/tools/bin/../lib/gcc/arm-none-eabi/10.3.1/../../../../arm-none-eabi/lib/thumb/v7-m/nofp/crt0.o (__libc_init_array)
c:/st/stm32cubeide_1.12.0/stm32cubeide/plugins/com.st.stm32cube.ide.mcu.externaltools.gnu-tools-for-stm32.10.3-2021.10.win32_1.0.200.202301161003/tools/bin/../lib/gcc/arm-none-eabi/10.3.1/../../../../arm-none-eabi/lib/thumb/v7-m/nofp\libc_nano.a(lib_a-memset.o)
                              c:/st/stm32cubeide_1.12.0/stm32cubeide/plugins/com.st.stm32cube.ide.mcu.externaltools.gnu-tools-for-stm32.10.3-2021.10.win32_1.0.200.202301161003/tools/bin/../lib/gcc/arm-none-eabi/10.3.1/../../../../arm-none-eabi/lib/thumb/v7-m/nofp/crt0.o (memset)

Discarded input sections

 .text          0x0000000000000000        0x0 c:/st/stm32cubeide_1.12.0/stm32cubeide/plugins/com.st.stm32cube.ide.mcu.externaltools.gnu-tools-for-stm32.10.3-2021.10.win32_1.0.200.202301161003/tools/bin/../lib/gcc/arm-none-eabi/10.3.1/thumb/v7-m/nofp/crti.o
 .data          0x0000000000000000        0x0 c:/st/stm32cubeide_1.12.0/stm32cubeide/plugins/com.st.stm32cube.ide.mcu.externaltools.gnu-tools-for-stm32.10.3-2021.10.win32_1.0.200.202301161003/tools/bin/../lib/gcc/arm-none-eabi/10.3.1/thumb/v7-m/nofp/crti.o
 .bss           0x0000000000000000        0x0 c:/st/stm32cubeide_1.12.0/stm32cubeide/plugins/com.st.stm32cube.ide.mcu.externaltools.gnu-tools-for-stm32.10.3-2021.10.win32_1.0.200.202301161003/tools/bin/../lib/gcc/arm-none-eabi/10.3.1/thumb/v7-m/nofp/crti.o
 .data          0x0000000000000000        0x4 c:/st/stm32cubeide_1.12.0/stm32cubeide/plugins/com.st.stm32cube.ide.mcu.externaltools.gnu-tools-for-stm32.10.3-2021.10.win32_1.0.200.202301161003/tools/bin/../lib/gcc/arm-none-eabi/10.3.1/thumb/v7-m/nofp/crtbegin.o
 .rodata        0x0000000000000000       0x24 c:/st/stm32cubeide_1.12.0/stm32cubeide/plugins/com.st.stm32cube.ide.mcu.externaltools.gnu-tools-for-stm32.10.3-2021.10.win32_1.0.200.202301161003/tools/bin/../lib/gcc/arm-none-eabi/10.3.1/thumb/v7-m/nofp/crtbegin.o
 .text          0x0000000000000000       0x7c c:/st/stm32cubeide_1.12.0/stm32cubeide/plugins/com.st.stm32cube.ide.mcu.externaltools.gnu-tools-for-stm32.10.3-2021.10.win32_1.0.200.202301161003/tools/bin/../lib/gcc/arm-none-eabi/10.3.1/../../../../arm-none-eabi/lib/thumb/v7-m/nofp/crt0.o
 .data          0x0000000000000000        0x0 c:/st/stm32cubeide_1.12.0/stm32cubeide/plugins/com.st.stm32cube.ide.mcu.externaltools.gnu-tools-for-stm32.10.3-2021.10.win32_1.0.200.202301161003/tools/bin/../lib/gcc/arm-none-eabi/10.3.1/../../../../arm-none-eabi/lib/thumb/v7-m/nofp/crt0.o
 .bss           0x0000000000000000        0x0 c:/st/stm32cubeide_1.12.0/stm32cubeide/plugins/com.st.stm32cube.ide.mcu.externaltools.gnu-tools-for-stm32.10.3-2021.10.win32_1.0.200.202301161003/tools/bin/../lib/gcc/arm-none-eabi/10.3.1/../../../../arm-none-eabi/lib/thumb/v7-m/nofp/crt0.o
[...]
Memory Configuration

Name             Origin             Length             Attributes
RAM              0x0000000020000000 0x0000000000002800 xrw
FLASH            0x0000000008000000 0x0000000000008000 xr
*default*        0x0000000000000000 0xffffffffffffffff

Linker script and memory map

LOAD c:/st/stm32cubeide_1.12.0/stm32cubeide/plugins/com.st.stm32cube.ide.mcu.externaltools.gnu-tools-for-stm32.10.3-2021.10.win32_1.0.200.202301161003/tools/bin/../lib/gcc/arm-none-eabi/10.3.1/thumb/v7-m/nofp/crti.o
LOAD c:/st/stm32cubeide_1.12.0/stm32cubeide/plugins/com.st.stm32cube.ide.mcu.externaltools.gnu-tools-for-stm32.10.3-2021.10.win32_1.0.200.202301161003/tools/bin/../lib/gcc/arm-none-eabi/10.3.1/thumb/v7-m/nofp/crtbegin.o
LOAD c:/st/stm32cubeide_1.12.0/stm32cubeide/plugins/com.st.stm32cube.ide.mcu.externaltools.gnu-tools-for-stm32.10.3-2021.10.win32_1.0.200.202301161003/tools/bin/../lib/gcc/arm-none-eabi/10.3.1/../../../../arm-none-eabi/lib/thumb/v7-m/nofp/crt0.o
LOAD ./Core/Button/Button.o
LOAD ./Core/LED/LED.o
LOAD ./Core/LittleOs/Config/Task.o
LOAD ./Core/LittleOs/Core/OS.o
LOAD ./Core/Src/gpio.o
LOAD ./Core/Src/main.o
LOAD ./Core/Src/stm32f1xx_hal_msp.o
LOAD ./Core/Src/stm32f1xx_it.o
LOAD ./Core/Src/syscalls.o
LOAD ./Core/Src/sysmem.o
LOAD ./Core/Src/system_stm32f1xx.o
LOAD ./Core/Src/tim.o
LOAD ./Core/Startup/startup_stm32f103c6tx.o
LOAD ./Drivers/STM32F1xx_HAL_Driver/Src/stm32f1xx_hal.o
LOAD ./Drivers/STM32F1xx_HAL_Driver/Src/stm32f1xx_hal_cortex.o
LOAD ./Drivers/STM32F1xx_HAL_Driver/Src/stm32f1xx_hal_dma.o
LOAD ./Drivers/STM32F1xx_HAL_Driver/Src/stm32f1xx_hal_exti.o
LOAD ./Drivers/STM32F1xx_HAL_Driver/Src/stm32f1xx_hal_flash.o
LOAD ./Drivers/STM32F1xx_HAL_Driver/Src/stm32f1xx_hal_flash_ex.o
LOAD ./Drivers/STM32F1xx_HAL_Driver/Src/stm32f1xx_hal_gpio.o
LOAD ./Drivers/STM32F1xx_HAL_Driver/Src/stm32f1xx_hal_gpio_ex.o
LOAD ./Drivers/STM32F1xx_HAL_Driver/Src/stm32f1xx_hal_pwr.o
LOAD ./Drivers/STM32F1xx_HAL_Driver/Src/stm32f1xx_hal_rcc.o
LOAD ./Drivers/STM32F1xx_HAL_Driver/Src/stm32f1xx_hal_rcc_ex.o
LOAD ./Drivers/STM32F1xx_HAL_Driver/Src/stm32f1xx_hal_tim.o
LOAD ./Drivers/STM32F1xx_HAL_Driver/Src/stm32f1xx_hal_tim_ex.o
START GROUP
LOAD c:/st/stm32cubeide_1.12.0/stm32cubeide/plugins/com.st.stm32cube.ide.mcu.externaltools.gnu-tools-for-stm32.10.3-2021.10.win32_1.0.200.202301161003/tools/bin/../lib/gcc/arm-none-eabi/10.3.1/../../../../arm-none-eabi/lib/thumb/v7-m/nofp\libc_nano.a
LOAD c:/st/stm32cubeide_1.12.0/stm32cubeide/plugins/com.st.stm32cube.ide.mcu.externaltools.gnu-tools-for-stm32.10.3-2021.10.win32_1.0.200.202301161003/tools/bin/../lib/gcc/arm-none-eabi/10.3.1/../../../../arm-none-eabi/lib/thumb/v7-m/nofp\libm.a
END GROUP
START GROUP
LOAD c:/st/stm32cubeide_1.12.0/stm32cubeide/plugins/com.st.stm32cube.ide.mcu.externaltools.gnu-tools-for-stm32.10.3-2021.10.win32_1.0.200.202301161003/tools/bin/../lib/gcc/arm-none-eabi/10.3.1/thumb/v7-m/nofp\libgcc.a
LOAD c:/st/stm32cubeide_1.12.0/stm32cubeide/plugins/com.st.stm32cube.ide.mcu.externaltools.gnu-tools-for-stm32.10.3-2021.10.win32_1.0.200.202301161003/tools/bin/../lib/gcc/arm-none-eabi/10.3.1/../../../../arm-none-eabi/lib/thumb/v7-m/nofp\libc_nano.a
END GROUP
START GROUP
LOAD c:/st/stm32cubeide_1.12.0/stm32cubeide/plugins/com.st.stm32cube.ide.mcu.externaltools.gnu-tools-for-stm32.10.3-2021.10.win32_1.0.200.202301161003/tools/bin/../lib/gcc/arm-none-eabi/10.3.1/thumb/v7-m/nofp\libgcc.a
LOAD c:/st/stm32cubeide_1.12.0/stm32cubeide/plugins/com.st.stm32cube.ide.mcu.externaltools.gnu-tools-for-stm32.10.3-2021.10.win32_1.0.200.202301161003/tools/bin/../lib/gcc/arm-none-eabi/10.3.1/../../../../arm-none-eabi/lib/thumb/v7-m/nofp\libc_nano.a
LOAD c:/st/stm32cubeide_1.12.0/stm32cubeide/plugins/com.st.stm32cube.ide.mcu.externaltools.gnu-tools-for-stm32.10.3-2021.10.win32_1.0.200.202301161003/tools/bin/../lib/gcc/arm-none-eabi/10.3.1/../../../../arm-none-eabi/lib/thumb/v7-m/nofp\libnosys.a
END GROUP
START GROUP
LOAD c:/st/stm32cubeide_1.12.0/stm32cubeide/plugins/com.st.stm32cube.ide.mcu.externaltools.gnu-tools-for-stm32.10.3-2021.10.win32_1.0.200.202301161003/tools/bin/../lib/gcc/arm-none-eabi/10.3.1/thumb/v7-m/nofp\libgcc.a
LOAD c:/st/stm32cubeide_1.12.0/stm32cubeide/plugins/com.st.stm32cube.ide.mcu.externaltools.gnu-tools-for-stm32.10.3-2021.10.win32_1.0.200.202301161003/tools/bin/../lib/gcc/arm-none-eabi/10.3.1/../../../../arm-none-eabi/lib/thumb/v7-m/nofp\libc_nano.a
LOAD c:/st/stm32cubeide_1.12.0/stm32cubeide/plugins/com.st.stm32cube.ide.mcu.externaltools.gnu-tools-for-stm32.10.3-2021.10.win32_1.0.200.202301161003/tools/bin/../lib/gcc/arm-none-eabi/10.3.1/../../../../arm-none-eabi/lib/thumb/v7-m/nofp\libnosys.a
END GROUP
LOAD c:/st/stm32cubeide_1.12.0/stm32cubeide/plugins/com.st.stm32cube.ide.mcu.externaltools.gnu-tools-for-stm32.10.3-2021.10.win32_1.0.200.202301161003/tools/bin/../lib/gcc/arm-none-eabi/10.3.1/thumb/v7-m/nofp/crtend.o
LOAD c:/st/stm32cubeide_1.12.0/stm32cubeide/plugins/com.st.stm32cube.ide.mcu.externaltools.gnu-tools-for-stm32.10.3-2021.10.win32_1.0.200.202301161003/tools/bin/../lib/gcc/arm-none-eabi/10.3.1/thumb/v7-m/nofp/crtn.o
                0x0000000020002800                _estack = (ORIGIN (RAM) + LENGTH (RAM))
                0x0000000000000200                _Min_Heap_Size = 0x200
                0x0000000000000400                _Min_Stack_Size = 0x400

.isr_vector     0x0000000008000000      0x10c
                0x0000000008000000                . = ALIGN (0x4)
 *(.isr_vector)
 .isr_vector    0x0000000008000000      0x10c ./Core/Startup/startup_stm32f103c6tx.o
                0x0000000008000000                g_pfnVectors
                0x000000000800010c                . = ALIGN (0x4)

.text           0x000000000800010c     0x1c78
                0x000000000800010c                . = ALIGN (0x4)
 *(.text)
 .text          0x000000000800010c       0x40 c:/st/stm32cubeide_1.12.0/stm32cubeide/plugins/com.st.stm32cube.ide.mcu.externaltools.gnu-tools-for-stm32.10.3-2021.10.win32_1.0.200.202301161003/tools/bin/../lib/gcc/arm-none-eabi/10.3.1/thumb/v7-m/nofp/crtbegin.o
 *(.text*)
 .text.ButtonTask
                0x000000000800014c       0xa0 ./Core/Button/Button.o
                0x000000000800014c                ButtonTask
 .text.GetPinState
                0x00000000080001ec       0x90 ./Core/Button/Button.o
 .text.LED_Task
                0x000000000800027c       0x44 ./Core/LED/LED.o
                0x000000000800027c                LED_Task
 .text.OS_1ms   0x00000000080002c0        0xc ./Core/LittleOs/Config/Task.o
                0x00000000080002c0                OS_1ms
 .text.OS_2ms   0x00000000080002cc        0xc ./Core/LittleOs/Config/Task.o
                0x00000000080002cc                OS_2ms
 .text.OS_4ms1  0x00000000080002d8        0xc ./Core/LittleOs/Config/Task.o
                0x00000000080002d8                OS_4ms1
 .text.OS_8ms3  0x00000000080002e4       0x10 ./Core/LittleOs/Config/Task.o
                0x00000000080002e4                OS_8ms3
 .text.OS_8ms7  0x00000000080002f4        0xc ./Core/LittleOs/Config/Task.o
                0x00000000080002f4                OS_8ms7
 .text.OS_Idle  0x0000000008000300        0xc ./Core/LittleOs/Config/Task.o
                0x0000000008000300                OS_Idle
 .text.LittleHeartFunc
                0x000000000800030c       0x18 ./Core/LittleOs/Core/OS.o
                0x000000000800030c                LittleHeartFunc
 .text.OS       0x0000000008000324       0x80 ./Core/LittleOs/Core/OS.o
                0x0000000008000324                OS
 .text.MX_GPIO_Init
                0x00000000080003a4       0xd0 ./Core/Src/gpio.o
                0x00000000080003a4                MX_GPIO_Init
 .text.main     0x0000000008000474       0x24 ./Core/Src/main.o
                0x0000000008000474                main
 .text.SystemClock_Config
                0x0000000008000498       0x80 ./Core/Src/main.o
                0x0000000008000498                SystemClock_Config
 .text.HAL_TIM_PeriodElapsedCallback
                0x0000000008000518       0x1e ./Core/Src/main.o
                0x0000000008000518                HAL_TIM_PeriodElapsedCallback
 .text.Error_Handler
                0x0000000008000536        0xa ./Core/Src/main.o
                0x0000000008000536                Error_Handler
 .text.HAL_MspInit
                0x0000000008000540       0x44 ./Core/Src/stm32f1xx_hal_msp.o
                0x0000000008000540                HAL_MspInit
 .text.NMI_Handler
                0x0000000008000584        0x6 ./Core/Src/stm32f1xx_it.o
                0x0000000008000584                NMI_Handler
 .text.HardFault_Handler
                0x000000000800058a        0x6 ./Core/Src/stm32f1xx_it.o
                0x000000000800058a                HardFault_Handler
 .text.MemManage_Handler
                0x0000000008000590        0x6 ./Core/Src/stm32f1xx_it.o
                0x0000000008000590                MemManage_Handler
 .text.BusFault_Handler
                0x0000000008000596        0x6 ./Core/Src/stm32f1xx_it.o
                0x0000000008000596                BusFault_Handler
 .text.UsageFault_Handler
                0x000000000800059c        0x6 ./Core/Src/stm32f1xx_it.o
                0x000000000800059c                UsageFault_Handler
 .text.SVC_Handler
                0x00000000080005a2        0xc ./Core/Src/stm32f1xx_it.o
                0x00000000080005a2                SVC_Handler
 .text.DebugMon_Handler
                0x00000000080005ae        0xc ./Core/Src/stm32f1xx_it.o
                0x00000000080005ae                DebugMon_Handler
 .text.PendSV_Handler
                0x00000000080005ba        0xc ./Core/Src/stm32f1xx_it.o
                0x00000000080005ba                PendSV_Handler
 .text.SysTick_Handler
                0x00000000080005c6        0xc ./Core/Src/stm32f1xx_it.o
                0x00000000080005c6                SysTick_Handler
 *fill*         0x00000000080005d2        0x2 
 .text.TIM2_IRQHandler
                0x00000000080005d4       0x14 ./Core/Src/stm32f1xx_it.o
                0x00000000080005d4                TIM2_IRQHandler
 .text.SystemInit
                0x00000000080005e8        0xc ./Core/Src/system_stm32f1xx.o
                0x00000000080005e8                SystemInit
 .text.MX_TIM2_Init
                0x00000000080005f4       0x98 ./Core/Src/tim.o
                0x00000000080005f4                MX_TIM2_Init
 .text.HAL_TIM_Base_MspInit
                0x000000000800068c       0x48 ./Core/Src/tim.o
                0x000000000800068c                HAL_TIM_Base_MspInit
 .text.Reset_Handler
                0x00000000080006d4       0x48 ./Core/Startup/startup_stm32f103c6tx.o
                0x00000000080006d4                Reset_Handler
 .text.Default_Handler
                0x000000000800071c        0x2 ./Core/Startup/startup_stm32f103c6tx.o
                0x000000000800071c                RTC_Alarm_IRQHandler
                0x000000000800071c                EXTI2_IRQHandler
                0x000000000800071c                TIM1_CC_IRQHandler
                0x000000000800071c                PVD_IRQHandler
                0x000000000800071c                EXTI3_IRQHandler
                0x000000000800071c                EXTI0_IRQHandler
                0x000000000800071c                ADC1_2_IRQHandler
                0x000000000800071c                SPI1_IRQHandler
                0x000000000800071c                TAMPER_IRQHandler
                0x000000000800071c                DMA1_Channel4_IRQHandler
                0x000000000800071c                RTC_IRQHandler
                0x000000000800071c                DMA1_Channel7_IRQHandler
                0x000000000800071c                CAN1_RX1_IRQHandler
                0x000000000800071c                I2C1_EV_IRQHandler
                0x000000000800071c                DMA1_Channel6_IRQHandler
                0x000000000800071c                TIM3_IRQHandler
                0x000000000800071c                RCC_IRQHandler
                0x000000000800071c                TIM1_TRG_COM_IRQHandler
                0x000000000800071c                DMA1_Channel1_IRQHandler
                0x000000000800071c                Default_Handler
                0x000000000800071c                EXTI15_10_IRQHandler
                0x000000000800071c                EXTI9_5_IRQHandler
                0x000000000800071c                DMA1_Channel5_IRQHandler
                0x000000000800071c                EXTI4_IRQHandler
                0x000000000800071c                USB_LP_CAN1_RX0_IRQHandler
                0x000000000800071c                USB_HP_CAN1_TX_IRQHandler
                0x000000000800071c                DMA1_Channel3_IRQHandler
                0x000000000800071c                TIM1_UP_IRQHandler
                0x000000000800071c                WWDG_IRQHandler
                0x000000000800071c                TIM1_BRK_IRQHandler
                0x000000000800071c                EXTI1_IRQHandler
                0x000000000800071c                USART2_IRQHandler
                0x000000000800071c                DMA1_Channel2_IRQHandler
                0x000000000800071c                CAN1_SCE_IRQHandler
                0x000000000800071c                FLASH_IRQHandler
                0x000000000800071c                USART1_IRQHandler
                0x000000000800071c                I2C1_ER_IRQHandler
                0x000000000800071c                USBWakeUp_IRQHandler
 *fill*         0x000000000800071e        0x2 
 .text.HAL_Init
                0x0000000008000720       0x2c ./Drivers/STM32F1xx_HAL_Driver/Src/stm32f1xx_hal.o
                0x0000000008000720                HAL_Init
 .text.HAL_InitTick
                0x000000000800074c       0x60 ./Drivers/STM32F1xx_HAL_Driver/Src/stm32f1xx_hal.o
                0x000000000800074c                HAL_InitTick
 .text.HAL_IncTick
                0x00000000080007ac       0x24 ./Drivers/STM32F1xx_HAL_Driver/Src/stm32f1xx_hal.o
                0x00000000080007ac                HAL_IncTick
 .text.HAL_GetTick
                0x00000000080007d0       0x14 ./Drivers/STM32F1xx_HAL_Driver/Src/stm32f1xx_hal.o
                0x00000000080007d0                HAL_GetTick
 .text.__NVIC_SetPriorityGrouping
                0x00000000080007e4       0x48 ./Drivers/STM32F1xx_HAL_Driver/Src/stm32f1xx_hal_cortex.o
 .text.__NVIC_GetPriorityGrouping
                0x000000000800082c       0x1c ./Drivers/STM32F1xx_HAL_Driver/Src/stm32f1xx_hal_cortex.o
 .text.__NVIC_EnableIRQ
                0x0000000008000848       0x38 ./Drivers/STM32F1xx_HAL_Driver/Src/stm32f1xx_hal_cortex.o
 .text.__NVIC_SetPriority
                0x0000000008000880       0x54 ./Drivers/STM32F1xx_HAL_Driver/Src/stm32f1xx_hal_cortex.o
 .text.NVIC_EncodePriority
                0x00000000080008d4       0x64 ./Drivers/STM32F1xx_HAL_Driver/Src/stm32f1xx_hal_cortex.o
 .text.SysTick_Config
                0x0000000008000938       0x44 ./Drivers/STM32F1xx_HAL_Driver/Src/stm32f1xx_hal_cortex.o
 .text.HAL_NVIC_SetPriorityGrouping
                0x000000000800097c       0x16 ./Drivers/STM32F1xx_HAL_Driver/Src/stm32f1xx_hal_cortex.o
                0x000000000800097c                HAL_NVIC_SetPriorityGrouping
 .text.HAL_NVIC_SetPriority
                0x0000000008000992       0x38 ./Drivers/STM32F1xx_HAL_Driver/Src/stm32f1xx_hal_cortex.o
                0x0000000008000992                HAL_NVIC_SetPriority
 .text.HAL_NVIC_EnableIRQ
                0x00000000080009ca       0x1c ./Drivers/STM32F1xx_HAL_Driver/Src/stm32f1xx_hal_cortex.o
                0x00000000080009ca                HAL_NVIC_EnableIRQ
 .text.HAL_SYSTICK_Config
                0x00000000080009e6       0x18 ./Drivers/STM32F1xx_HAL_Driver/Src/stm32f1xx_hal_cortex.o
                0x00000000080009e6                HAL_SYSTICK_Config
 *fill*         0x00000000080009fe        0x2 
 .text.HAL_GPIO_Init
                0x0000000008000a00      0x2f8 ./Drivers/STM32F1xx_HAL_Driver/Src/stm32f1xx_hal_gpio.o
                0x0000000008000a00                HAL_GPIO_Init
 .text.HAL_GPIO_ReadPin
                0x0000000008000cf8       0x2e ./Drivers/STM32F1xx_HAL_Driver/Src/stm32f1xx_hal_gpio.o
                0x0000000008000cf8                HAL_GPIO_ReadPin
 .text.HAL_GPIO_WritePin
                0x0000000008000d26       0x30 ./Drivers/STM32F1xx_HAL_Driver/Src/stm32f1xx_hal_gpio.o
                0x0000000008000d26                HAL_GPIO_WritePin
 .text.HAL_GPIO_TogglePin
                0x0000000008000d56       0x32 ./Drivers/STM32F1xx_HAL_Driver/Src/stm32f1xx_hal_gpio.o
                0x0000000008000d56                HAL_GPIO_TogglePin
 .text.HAL_RCC_OscConfig
                0x0000000008000d88      0x504 ./Drivers/STM32F1xx_HAL_Driver/Src/stm32f1xx_hal_rcc.o
                0x0000000008000d88                HAL_RCC_OscConfig
 .text.HAL_RCC_ClockConfig
                0x000000000800128c      0x1d4 ./Drivers/STM32F1xx_HAL_Driver/Src/stm32f1xx_hal_rcc.o
                0x000000000800128c                HAL_RCC_ClockConfig
 .text.HAL_RCC_GetSysClockFreq
                0x0000000008001460       0xa8 ./Drivers/STM32F1xx_HAL_Driver/Src/stm32f1xx_hal_rcc.o
                0x0000000008001460                HAL_RCC_GetSysClockFreq
 .text.RCC_Delay
                0x0000000008001508       0x3c ./Drivers/STM32F1xx_HAL_Driver/Src/stm32f1xx_hal_rcc.o
 .text.HAL_TIM_Base_Init
                0x0000000008001544       0x9e ./Drivers/STM32F1xx_HAL_Driver/Src/stm32f1xx_hal_tim.o
                0x0000000008001544                HAL_TIM_Base_Init
 *fill*         0x00000000080015e2        0x2 
 .text.HAL_TIM_Base_Start_IT
                0x00000000080015e4       0x98 ./Drivers/STM32F1xx_HAL_Driver/Src/stm32f1xx_hal_tim.o
                0x00000000080015e4                HAL_TIM_Base_Start_IT
 .text.HAL_TIM_IRQHandler
                0x000000000800167c      0x210 ./Drivers/STM32F1xx_HAL_Driver/Src/stm32f1xx_hal_tim.o
                0x000000000800167c                HAL_TIM_IRQHandler
 .text.HAL_TIM_ConfigClockSource
                0x000000000800188c      0x18e ./Drivers/STM32F1xx_HAL_Driver/Src/stm32f1xx_hal_tim.o
                0x000000000800188c                HAL_TIM_ConfigClockSource
 .text.HAL_TIM_OC_DelayElapsedCallback
                0x0000000008001a1a       0x12 ./Drivers/STM32F1xx_HAL_Driver/Src/stm32f1xx_hal_tim.o
                0x0000000008001a1a                HAL_TIM_OC_DelayElapsedCallback
 .text.HAL_TIM_IC_CaptureCallback
                0x0000000008001a2c       0x12 ./Drivers/STM32F1xx_HAL_Driver/Src/stm32f1xx_hal_tim.o
                0x0000000008001a2c                HAL_TIM_IC_CaptureCallback
 .text.HAL_TIM_PWM_PulseFinishedCallback
                0x0000000008001a3e       0x12 ./Drivers/STM32F1xx_HAL_Driver/Src/stm32f1xx_hal_tim.o
                0x0000000008001a3e                HAL_TIM_PWM_PulseFinishedCallback
 .text.HAL_TIM_TriggerCallback
                0x0000000008001a50       0x12 ./Drivers/STM32F1xx_HAL_Driver/Src/stm32f1xx_hal_tim.o
                0x0000000008001a50                HAL_TIM_TriggerCallback
 *fill*         0x0000000008001a62        0x2 
 .text.TIM_Base_SetConfig
                0x0000000008001a64       0xb0 ./Drivers/STM32F1xx_HAL_Driver/Src/stm32f1xx_hal_tim.o
                0x0000000008001a64                TIM_Base_SetConfig
 .text.TIM_TI1_ConfigInputStage
                0x0000000008001b14       0x5c ./Drivers/STM32F1xx_HAL_Driver/Src/stm32f1xx_hal_tim.o
 .text.TIM_TI2_ConfigInputStage
                0x0000000008001b70       0x5e ./Drivers/STM32F1xx_HAL_Driver/Src/stm32f1xx_hal_tim.o
 .text.TIM_ITRx_SetConfig
                0x0000000008001bce       0x34 ./Drivers/STM32F1xx_HAL_Driver/Src/stm32f1xx_hal_tim.o
 .text.TIM_ETR_SetConfig
                0x0000000008001c02       0x3e ./Drivers/STM32F1xx_HAL_Driver/Src/stm32f1xx_hal_tim.o
                0x0000000008001c02                TIM_ETR_SetConfig
 .text.HAL_TIMEx_MasterConfigSynchronization
                0x0000000008001c40       0xb0 ./Drivers/STM32F1xx_HAL_Driver/Src/stm32f1xx_hal_tim_ex.o
                0x0000000008001c40                HAL_TIMEx_MasterConfigSynchronization
 .text.HAL_TIMEx_CommutCallback
                0x0000000008001cf0       0x12 ./Drivers/STM32F1xx_HAL_Driver/Src/stm32f1xx_hal_tim_ex.o
                0x0000000008001cf0                HAL_TIMEx_CommutCallback
 .text.HAL_TIMEx_BreakCallback
                0x0000000008001d02       0x12 ./Drivers/STM32F1xx_HAL_Driver/Src/stm32f1xx_hal_tim_ex.o
                0x0000000008001d02                HAL_TIMEx_BreakCallback
 .text.__libc_init_array
                0x0000000008001d14       0x48 c:/st/stm32cubeide_1.12.0/stm32cubeide/plugins/com.st.stm32cube.ide.mcu.externaltools.gnu-tools-for-stm32.10.3-2021.10.win32_1.0.200.202301161003/tools/bin/../lib/gcc/arm-none-eabi/10.3.1/../../../../arm-none-eabi/lib/thumb/v7-m/nofp\libc_nano.a(lib_a-init.o)
                0x0000000008001d14                __libc_init_array
 .text.memset   0x0000000008001d5c       0x10 c:/st/stm32cubeide_1.12.0/stm32cubeide/plugins/com.st.stm32cube.ide.mcu.externaltools.gnu-tools-for-stm32.10.3-2021.10.win32_1.0.200.202301161003/tools/bin/../lib/gcc/arm-none-eabi/10.3.1/../../../../arm-none-eabi/lib/thumb/v7-m/nofp\libc_nano.a(lib_a-memset.o)
                0x0000000008001d5c                memset
 *(.glue_7)
 .glue_7        0x0000000008001d6c        0x0 linker stubs
 *(.glue_7t)
 .glue_7t       0x0000000008001d6c        0x0 linker stubs
 *(.eh_frame)
 .eh_frame      0x0000000008001d6c        0x0 c:/st/stm32cubeide_1.12.0/stm32cubeide/plugins/com.st.stm32cube.ide.mcu.externaltools.gnu-tools-for-stm32.10.3-2021.10.win32_1.0.200.202301161003/tools/bin/../lib/gcc/arm-none-eabi/10.3.1/thumb/v7-m/nofp/crtbegin.o
 *(.init)
 .init          0x0000000008001d6c        0x4 c:/st/stm32cubeide_1.12.0/stm32cubeide/plugins/com.st.stm32cube.ide.mcu.externaltools.gnu-tools-for-stm32.10.3-2021.10.win32_1.0.200.202301161003/tools/bin/../lib/gcc/arm-none-eabi/10.3.1/thumb/v7-m/nofp/crti.o
                0x0000000008001d6c                _init
 .init          0x0000000008001d70        0x8 c:/st/stm32cubeide_1.12.0/stm32cubeide/plugins/com.st.stm32cube.ide.mcu.externaltools.gnu-tools-for-stm32.10.3-2021.10.win32_1.0.200.202301161003/tools/bin/../lib/gcc/arm-none-eabi/10.3.1/thumb/v7-m/nofp/crtn.o
 *(.fini)
 .fini          0x0000000008001d78        0x4 c:/st/stm32cubeide_1.12.0/stm32cubeide/plugins/com.st.stm32cube.ide.mcu.externaltools.gnu-tools-for-stm32.10.3-2021.10.win32_1.0.200.202301161003/tools/bin/../lib/gcc/arm-none-eabi/10.3.1/thumb/v7-m/nofp/crti.o
                0x0000000008001d78                _fini
 .fini          0x0000000008001d7c        0x8 c:/st/stm32cubeide_1.12.0/stm32cubeide/plugins/com.st.stm32cube.ide.mcu.externaltools.gnu-tools-for-stm32.10.3-2021.10.win32_1.0.200.202301161003/tools/bin/../lib/gcc/arm-none-eabi/10.3.1/thumb/v7-m/nofp/crtn.o
                0x0000000008001d84                . = ALIGN (0x4)
                0x0000000008001d84                _etext = .

.vfp11_veneer   0x0000000008001d84        0x0
 .vfp11_veneer  0x0000000008001d84        0x0 linker stubs

.v4_bx          0x0000000008001d84        0x0
 .v4_bx         0x0000000008001d84        0x0 linker stubs

.iplt           0x0000000008001d84        0x0
 .iplt          0x0000000008001d84        0x0 c:/st/stm32cubeide_1.12.0/stm32cubeide/plugins/com.st.stm32cube.ide.mcu.externaltools.gnu-tools-for-stm32.10.3-2021.10.win32_1.0.200.202301161003/tools/bin/../lib/gcc/arm-none-eabi/10.3.1/thumb/v7-m/nofp/crtbegin.o

.rodata         0x0000000008001d84       0x24
                0x0000000008001d84                . = ALIGN (0x4)
 *(.rodata)
 *(.rodata*)
 .rodata.AHBPrescTable
                0x0000000008001d84       0x10 ./Core/Src/system_stm32f1xx.o
                0x0000000008001d84                AHBPrescTable
 .rodata.aPLLMULFactorTable.1
                0x0000000008001d94       0x10 ./Drivers/STM32F1xx_HAL_Driver/Src/stm32f1xx_hal_rcc.o
 .rodata.aPredivFactorTable.0
                0x0000000008001da4        0x2 ./Drivers/STM32F1xx_HAL_Driver/Src/stm32f1xx_hal_rcc.o
                0x0000000008001da8                . = ALIGN (0x4)
 *fill*         0x0000000008001da6        0x2 

.rel.dyn        0x0000000008001da8        0x0
 .rel.iplt      0x0000000008001da8        0x0 c:/st/stm32cubeide_1.12.0/stm32cubeide/plugins/com.st.stm32cube.ide.mcu.externaltools.gnu-tools-for-stm32.10.3-2021.10.win32_1.0.200.202301161003/tools/bin/../lib/gcc/arm-none-eabi/10.3.1/thumb/v7-m/nofp/crtbegin.o

.ARM.extab      0x0000000008001da8        0x0
                0x0000000008001da8                . = ALIGN (0x4)
 *(.ARM.extab* .gnu.linkonce.armextab.*)
                0x0000000008001da8                . = ALIGN (0x4)

.ARM            0x0000000008001da8        0x0
                0x0000000008001da8                . = ALIGN (0x4)
                0x0000000008001da8                __exidx_start = .
 *(.ARM.exidx*)
                0x0000000008001da8                __exidx_end = .
                0x0000000008001da8                . = ALIGN (0x4)

.preinit_array  0x0000000008001da8        0x0
                0x0000000008001da8                . = ALIGN (0x4)
                0x0000000008001da8                PROVIDE (__preinit_array_start = .)
 *(.preinit_array*)
                0x0000000008001da8                PROVIDE (__preinit_array_end = .)
                0x0000000008001da8                . = ALIGN (0x4)

.init_array     0x0000000008001da8        0x4
                0x0000000008001da8                . = ALIGN (0x4)
                0x0000000008001da8                PROVIDE (__init_array_start = .)
 *(SORT_BY_NAME(.init_array.*))
 *(.init_array*)
 .init_array    0x0000000008001da8        0x4 c:/st/stm32cubeide_1.12.0/stm32cubeide/plugins/com.st.stm32cube.ide.mcu.externaltools.gnu-tools-for-stm32.10.3-2021.10.win32_1.0.200.202301161003/tools/bin/../lib/gcc/arm-none-eabi/10.3.1/thumb/v7-m/nofp/crtbegin.o
                0x0000000008001dac                PROVIDE (__init_array_end = .)
                0x0000000008001dac                . = ALIGN (0x4)

.fini_array     0x0000000008001dac        0x4
                0x0000000008001dac                . = ALIGN (0x4)
                [!provide]                        PROVIDE (__fini_array_start = .)
 *(SORT_BY_NAME(.fini_array.*))
 *(.fini_array*)
 .fini_array    0x0000000008001dac        0x4 c:/st/stm32cubeide_1.12.0/stm32cubeide/plugins/com.st.stm32cube.ide.mcu.externaltools.gnu-tools-for-stm32.10.3-2021.10.win32_1.0.200.202301161003/tools/bin/../lib/gcc/arm-none-eabi/10.3.1/thumb/v7-m/nofp/crtbegin.o
                [!provide]                        PROVIDE (__fini_array_end = .)
                0x0000000008001db0                . = ALIGN (0x4)
                0x0000000008001db0                _sidata = LOADADDR (.data)

.data           0x0000000020000000       0x34 load address 0x0000000008001db0
                0x0000000020000000                . = ALIGN (0x4)
                0x0000000020000000                _sdata = .
 *(.data)
 *(.data*)
 .data.TaskTable
                0x0000000020000000       0x28 ./Core/LittleOs/Config/Task.o
                0x0000000020000000                TaskTable
 .data.SystemCoreClock
                0x0000000020000028        0x4 ./Core/Src/system_stm32f1xx.o
                0x0000000020000028                SystemCoreClock
 .data.uwTickPrio
                0x000000002000002c        0x4 ./Drivers/STM32F1xx_HAL_Driver/Src/stm32f1xx_hal.o
                0x000000002000002c                uwTickPrio
 .data.uwTickFreq
                0x0000000020000030        0x1 ./Drivers/STM32F1xx_HAL_Driver/Src/stm32f1xx_hal.o
                0x0000000020000030                uwTickFreq
 *(.RamFunc)
 *(.RamFunc*)
                0x0000000020000034                . = ALIGN (0x4)
 *fill*         0x0000000020000031        0x3 
                0x0000000020000034                _edata = .

.igot.plt       0x0000000020000034        0x0 load address 0x0000000008001de4
 .igot.plt      0x0000000020000034        0x0 c:/st/stm32cubeide_1.12.0/stm32cubeide/plugins/com.st.stm32cube.ide.mcu.externaltools.gnu-tools-for-stm32.10.3-2021.10.win32_1.0.200.202301161003/tools/bin/../lib/gcc/arm-none-eabi/10.3.1/thumb/v7-m/nofp/crtbegin.o
                0x0000000020000034                . = ALIGN (0x4)

.bss            0x0000000020000034       0x88 load address 0x0000000008001de4
                0x0000000020000034                _sbss = .
                0x0000000020000034                __bss_start__ = _sbss
 *(.bss)
 .bss           0x0000000020000034       0x1c c:/st/stm32cubeide_1.12.0/stm32cubeide/plugins/com.st.stm32cube.ide.mcu.externaltools.gnu-tools-for-stm32.10.3-2021.10.win32_1.0.200.202301161003/tools/bin/../lib/gcc/arm-none-eabi/10.3.1/thumb/v7-m/nofp/crtbegin.o
 *(.bss*)
 .bss.ButtonTable
                0x0000000020000050       0x1c ./Core/Button/Button.o
                0x0000000020000050                ButtonTable
 .bss.LittleHeart
                0x000000002000006c        0x1 ./Core/LittleOs/Core/OS.o
                0x000000002000006c                LittleHeart
 .bss.HeartCnt.0
                0x000000002000006d        0x1 ./Core/LittleOs/Core/OS.o
 *fill*         0x000000002000006e        0x2 
 .bss.htim2     0x0000000020000070       0x48 ./Core/Src/tim.o
                0x0000000020000070                htim2
 .bss.uwTick    0x00000000200000b8        0x4 ./Drivers/STM32F1xx_HAL_Driver/Src/stm32f1xx_hal.o
                0x00000000200000b8                uwTick
 *(COMMON)
                0x00000000200000bc                . = ALIGN (0x4)
                0x00000000200000bc                _ebss = .
                0x00000000200000bc                __bss_end__ = _ebss

._user_heap_stack
                0x00000000200000bc      0x604 load address 0x0000000008001de4
                0x00000000200000c0                . = ALIGN (0x8)
 *fill*         0x00000000200000bc        0x4 
                [!provide]                        PROVIDE (end = .)
                0x00000000200000c0                PROVIDE (_end = .)
                0x00000000200002c0                . = (. + _Min_Heap_Size)
 *fill*         0x00000000200000c0      0x200 
                0x00000000200006c0                . = (. + _Min_Stack_Size)
 *fill*         0x00000000200002c0      0x400 
                0x00000000200006c0                . = ALIGN (0x8)

/DISCARD/
 libc.a(*)
 libm.a(*)
 libgcc.a(*)

.ARM.attributes
                0x0000000000000000       0x29
 *(.ARM.attributes)
 .ARM.attributes
                0x0000000000000000       0x1d c:/st/stm32cubeide_1.12.0/stm32cubeide/plugins/com.st.stm32cube.ide.mcu.externaltools.gnu-tools-for-stm32.10.3-2021.10.win32_1.0.200.202301161003/tools/bin/../lib/gcc/arm-none-eabi/10.3.1/thumb/v7-m/nofp/crti.o
 .ARM.attributes
                0x000000000000001d       0x2d c:/st/stm32cubeide_1.12.0/stm32cubeide/plugins/com.st.stm32cube.ide.mcu.externaltools.gnu-tools-for-stm32.10.3-2021.10.win32_1.0.200.202301161003/tools/bin/../lib/gcc/arm-none-eabi/10.3.1/thumb/v7-m/nofp/crtbegin.o
 .ARM.attributes
                0x000000000000004a       0x2d ./Core/Button/Button.o
 .ARM.attributes
                0x0000000000000077       0x2d ./Core/LED/LED.o
 .ARM.attributes
                0x00000000000000a4       0x2d ./Core/LittleOs/Config/Task.o
 .ARM.attributes
                0x00000000000000d1       0x2d ./Core/LittleOs/Core/OS.o
 .ARM.attributes
                0x00000000000000fe       0x2d ./Core/Src/gpio.o
 .ARM.attributes
                0x000000000000012b       0x2d ./Core/Src/main.o
 .ARM.attributes
                0x0000000000000158       0x2d ./Core/Src/stm32f1xx_hal_msp.o
 .ARM.attributes
                0x0000000000000185       0x2d ./Core/Src/stm32f1xx_it.o
 .ARM.attributes
                0x00000000000001b2       0x2d ./Core/Src/system_stm32f1xx.o
 .ARM.attributes
                0x00000000000001df       0x2d ./Core/Src/tim.o
 .ARM.attributes
                0x000000000000020c       0x21 ./Core/Startup/startup_stm32f103c6tx.o
 .ARM.attributes
                0x000000000000022d       0x2d ./Drivers/STM32F1xx_HAL_Driver/Src/stm32f1xx_hal.o
 .ARM.attributes
                0x000000000000025a       0x2d ./Drivers/STM32F1xx_HAL_Driver/Src/stm32f1xx_hal_cortex.o
 .ARM.attributes
                0x0000000000000287       0x2d ./Drivers/STM32F1xx_HAL_Driver/Src/stm32f1xx_hal_gpio.o
 .ARM.attributes
                0x00000000000002b4       0x2d ./Drivers/STM32F1xx_HAL_Driver/Src/stm32f1xx_hal_rcc.o
 .ARM.attributes
                0x00000000000002e1       0x2d ./Drivers/STM32F1xx_HAL_Driver/Src/stm32f1xx_hal_tim.o
 .ARM.attributes
                0x000000000000030e       0x2d ./Drivers/STM32F1xx_HAL_Driver/Src/stm32f1xx_hal_tim_ex.o
 .ARM.attributes
                0x000000000000033b       0x2d c:/st/stm32cubeide_1.12.0/stm32cubeide/plugins/com.st.stm32cube.ide.mcu.externaltools.gnu-tools-for-stm32.10.3-2021.10.win32_1.0.200.202301161003/tools/bin/../lib/gcc/arm-none-eabi/10.3.1/../../../../arm-none-eabi/lib/thumb/v7-m/nofp\libc_nano.a(lib_a-init.o)
 .ARM.attributes
                0x0000000000000368       0x2d c:/st/stm32cubeide_1.12.0/stm32cubeide/plugins/com.st.stm32cube.ide.mcu.externaltools.gnu-tools-for-stm32.10.3-2021.10.win32_1.0.200.202301161003/tools/bin/../lib/gcc/arm-none-eabi/10.3.1/../../../../arm-none-eabi/lib/thumb/v7-m/nofp\libc_nano.a(lib_a-memset.o)
 .ARM.attributes
                0x0000000000000395       0x1d c:/st/stm32cubeide_1.12.0/stm32cubeide/plugins/com.st.stm32cube.ide.mcu.externaltools.gnu-tools-for-stm32.10.3-2021.10.win32_1.0.200.202301161003/tools/bin/../lib/gcc/arm-none-eabi/10.3.1/thumb/v7-m/nofp/crtn.o
OUTPUT(Button.elf elf32-littlearm)
LOAD linker stubs
LOAD c:/st/stm32cubeide_1.12.0/stm32cubeide/plugins/com.st.stm32cube.ide.mcu.externaltools.gnu-tools-for-stm32.10.3-2021.10.win32_1.0.200.202301161003/tools/bin/../lib/gcc/arm-none-eabi/10.3.1/../../../../arm-none-eabi/lib/thumb/v7-m/nofp\libc.a
LOAD c:/st/stm32cubeide_1.12.0/stm32cubeide/plugins/com.st.stm32cube.ide.mcu.externaltools.gnu-tools-for-stm32.10.3-2021.10.win32_1.0.200.202301161003/tools/bin/../lib/gcc/arm-none-eabi/10.3.1/../../../../arm-none-eabi/lib/thumb/v7-m/nofp\libm.a
LOAD c:/st/stm32cubeide_1.12.0/stm32cubeide/plugins/com.st.stm32cube.ide.mcu.externaltools.gnu-tools-for-stm32.10.3-2021.10.win32_1.0.200.202301161003/tools/bin/../lib/gcc/arm-none-eabi/10.3.1/thumb/v7-m/nofp\libgcc.a

.debug_info     0x0000000000000000     0x8a42
 .debug_info    0x0000000000000000      0x280 ./Core/Button/Button.o
 .debug_info    0x0000000000000280      0x1dc ./Core/LED/LED.o
 .debug_info    0x000000000000045c      0x1e0 ./Core/LittleOs/Config/Task.o
 .debug_info    0x000000000000063c      0x1c6 ./Core/LittleOs/Core/OS.o
 .debug_info    0x0000000000000802      0x2ee ./Core/Src/gpio.o
 .debug_info    0x0000000000000af0      0x889 ./Core/Src/main.o
 .debug_info    0x0000000000001379      0x180 ./Core/Src/stm32f1xx_hal_msp.o
 .debug_info    0x00000000000014f9      0x6ef ./Core/Src/stm32f1xx_it.o
 .debug_info    0x0000000000001be8      0x23d ./Core/Src/system_stm32f1xx.o
 .debug_info    0x0000000000001e25      0x9f7 ./Core/Src/tim.o
 .debug_info    0x000000000000281c       0x22 ./Core/Startup/startup_stm32f103c6tx.o
 .debug_info    0x000000000000283e      0x716 ./Drivers/STM32F1xx_HAL_Driver/Src/stm32f1xx_hal.o
 .debug_info    0x0000000000002f54      0xb02 ./Drivers/STM32F1xx_HAL_Driver/Src/stm32f1xx_hal_cortex.o
 .debug_info    0x0000000000003a56      0x615 ./Drivers/STM32F1xx_HAL_Driver/Src/stm32f1xx_hal_gpio.o
 .debug_info    0x000000000000406b      0x865 ./Drivers/STM32F1xx_HAL_Driver/Src/stm32f1xx_hal_rcc.o
 .debug_info    0x00000000000048d0     0x2bab ./Drivers/STM32F1xx_HAL_Driver/Src/stm32f1xx_hal_tim.o
 .debug_info    0x000000000000747b     0x15c7 ./Drivers/STM32F1xx_HAL_Driver/Src/stm32f1xx_hal_tim_ex.o

.debug_abbrev   0x0000000000000000     0x1c13
 .debug_abbrev  0x0000000000000000      0x1a1 ./Core/Button/Button.o
 .debug_abbrev  0x00000000000001a1      0x147 ./Core/LED/LED.o
 .debug_abbrev  0x00000000000002e8       0xf8 ./Core/LittleOs/Config/Task.o
 .debug_abbrev  0x00000000000003e0      0x130 ./Core/LittleOs/Core/OS.o
 .debug_abbrev  0x0000000000000510      0x134 ./Core/Src/gpio.o
 .debug_abbrev  0x0000000000000644      0x223 ./Core/Src/main.o
 .debug_abbrev  0x0000000000000867       0xc2 ./Core/Src/stm32f1xx_hal_msp.o
 .debug_abbrev  0x0000000000000929      0x184 ./Core/Src/stm32f1xx_it.o
 .debug_abbrev  0x0000000000000aad      0x13b ./Core/Src/system_stm32f1xx.o
 .debug_abbrev  0x0000000000000be8      0x1fe ./Core/Src/tim.o
 .debug_abbrev  0x0000000000000de6       0x12 ./Core/Startup/startup_stm32f103c6tx.o
 .debug_abbrev  0x0000000000000df8      0x1fb ./Drivers/STM32F1xx_HAL_Driver/Src/stm32f1xx_hal.o
 .debug_abbrev  0x0000000000000ff3      0x2ed ./Drivers/STM32F1xx_HAL_Driver/Src/stm32f1xx_hal_cortex.o
 .debug_abbrev  0x00000000000012e0      0x1bb ./Drivers/STM32F1xx_HAL_Driver/Src/stm32f1xx_hal_gpio.o
 .debug_abbrev  0x000000000000149b      0x2a8 ./Drivers/STM32F1xx_HAL_Driver/Src/stm32f1xx_hal_rcc.o
 .debug_abbrev  0x0000000000001743      0x264 ./Drivers/STM32F1xx_HAL_Driver/Src/stm32f1xx_hal_tim.o
 .debug_abbrev  0x00000000000019a7      0x26c ./Drivers/STM32F1xx_HAL_Driver/Src/stm32f1xx_hal_tim_ex.o

.debug_aranges  0x0000000000000000      0xa20
 .debug_aranges
                0x0000000000000000       0x30 ./Core/Button/Button.o
 .debug_aranges
                0x0000000000000030       0x20 ./Core/LED/LED.o
 .debug_aranges
                0x0000000000000050       0x48 ./Core/LittleOs/Config/Task.o
 .debug_aranges
                0x0000000000000098       0x28 ./Core/LittleOs/Core/OS.o
 .debug_aranges
                0x00000000000000c0       0x20 ./Core/Src/gpio.o
 .debug_aranges
                0x00000000000000e0       0x38 ./Core/Src/main.o
 .debug_aranges
                0x0000000000000118       0x20 ./Core/Src/stm32f1xx_hal_msp.o
 .debug_aranges
                0x0000000000000138       0x68 ./Core/Src/stm32f1xx_it.o
 .debug_aranges
                0x00000000000001a0       0x28 ./Core/Src/system_stm32f1xx.o
 .debug_aranges
                0x00000000000001c8       0x30 ./Core/Src/tim.o
 .debug_aranges
                0x00000000000001f8       0x28 ./Core/Startup/startup_stm32f103c6tx.o
 .debug_aranges
                0x0000000000000220       0xe0 ./Drivers/STM32F1xx_HAL_Driver/Src/stm32f1xx_hal.o
 .debug_aranges
                0x0000000000000300      0x100 ./Drivers/STM32F1xx_HAL_Driver/Src/stm32f1xx_hal_cortex.o
 .debug_aranges
                0x0000000000000400       0x58 ./Drivers/STM32F1xx_HAL_Driver/Src/stm32f1xx_hal_gpio.o
 .debug_aranges
                0x0000000000000458       0x90 ./Drivers/STM32F1xx_HAL_Driver/Src/stm32f1xx_hal_rcc.o
 .debug_aranges
                0x00000000000004e8      0x3d0 ./Drivers/STM32F1xx_HAL_Driver/Src/stm32f1xx_hal_tim.o
 .debug_aranges
                0x00000000000008b8      0x168 ./Drivers/STM32F1xx_HAL_Driver/Src/stm32f1xx_hal_tim_ex.o

.debug_ranges   0x0000000000000000      0x918
 .debug_ranges  0x0000000000000000       0x20 ./Core/Button/Button.o
 .debug_ranges  0x0000000000000020       0x10 ./Core/LED/LED.o
 .debug_ranges  0x0000000000000030       0x38 ./Core/LittleOs/Config/Task.o
 .debug_ranges  0x0000000000000068       0x18 ./Core/LittleOs/Core/OS.o
 .debug_ranges  0x0000000000000080       0x10 ./Core/Src/gpio.o
 .debug_ranges  0x0000000000000090       0x28 ./Core/Src/main.o
 .debug_ranges  0x00000000000000b8       0x10 ./Core/Src/stm32f1xx_hal_msp.o
 .debug_ranges  0x00000000000000c8       0x58 ./Core/Src/stm32f1xx_it.o
 .debug_ranges  0x0000000000000120       0x18 ./Core/Src/system_stm32f1xx.o
 .debug_ranges  0x0000000000000138       0x20 ./Core/Src/tim.o
 .debug_ranges  0x0000000000000158       0x20 ./Core/Startup/startup_stm32f103c6tx.o
 .debug_ranges  0x0000000000000178       0xd0 ./Drivers/STM32F1xx_HAL_Driver/Src/stm32f1xx_hal.o
 .debug_ranges  0x0000000000000248       0xf0 ./Drivers/STM32F1xx_HAL_Driver/Src/stm32f1xx_hal_cortex.o
 .debug_ranges  0x0000000000000338       0x48 ./Drivers/STM32F1xx_HAL_Driver/Src/stm32f1xx_hal_gpio.o
 .debug_ranges  0x0000000000000380       0x80 ./Drivers/STM32F1xx_HAL_Driver/Src/stm32f1xx_hal_rcc.o
 .debug_ranges  0x0000000000000400      0x3c0 ./Drivers/STM32F1xx_HAL_Driver/Src/stm32f1xx_hal_tim.o
 .debug_ranges  0x00000000000007c0      0x158 ./Drivers/STM32F1xx_HAL_Driver/Src/stm32f1xx_hal_tim_ex.o

.debug_macro    0x0000000000000000    0x16d8e
 .debug_macro   0x0000000000000000      0x1b9 ./Core/Button/Button.o
 .debug_macro   0x00000000000001b9      0xa6c ./Core/Button/Button.o
 .debug_macro   0x0000000000000c25      0x215 ./Core/Button/Button.o
 .debug_macro   0x0000000000000e3a       0x2e ./Core/Button/Button.o
 .debug_macro   0x0000000000000e68       0x22 ./Core/Button/Button.o
 .debug_macro   0x0000000000000e8a       0x22 ./Core/Button/Button.o
 .debug_macro   0x0000000000000eac       0x8e ./Core/Button/Button.o
 .debug_macro   0x0000000000000f3a       0x51 ./Core/Button/Button.o
 .debug_macro   0x0000000000000f8b      0x103 ./Core/Button/Button.o
 .debug_macro   0x000000000000108e       0x6a ./Core/Button/Button.o
 .debug_macro   0x00000000000010f8      0x1df ./Core/Button/Button.o
 .debug_macro   0x00000000000012d7       0x1c ./Core/Button/Button.o
 .debug_macro   0x00000000000012f3       0x22 ./Core/Button/Button.o
 .debug_macro   0x0000000000001315       0xbd ./Core/Button/Button.o
 .debug_macro   0x00000000000013d2      0xd23 ./Core/Button/Button.o
 .debug_macro   0x00000000000020f5     0xde75 ./Core/Button/Button.o
 .debug_macro   0x000000000000ff6a       0x6d ./Core/Button/Button.o
 .debug_macro   0x000000000000ffd7     0x348d ./Core/Button/Button.o
 .debug_macro   0x0000000000013464      0x174 ./Core/Button/Button.o
 .debug_macro   0x00000000000135d8       0x5c ./Core/Button/Button.o
 .debug_macro   0x0000000000013634      0x5bc ./Core/Button/Button.o
 .debug_macro   0x0000000000013bf0      0x1b7 ./Core/Button/Button.o
 .debug_macro   0x0000000000013da7      0x1cb ./Core/Button/Button.o
 .debug_macro   0x0000000000013f72      0x114 ./Core/Button/Button.o
 .debug_macro   0x0000000000014086      0x1b2 ./Core/Button/Button.o
 .debug_macro   0x0000000000014238       0x27 ./Core/Button/Button.o
 .debug_macro   0x000000000001425f      0x12f ./Core/Button/Button.o
 .debug_macro   0x000000000001438e      0x1bc ./Core/Button/Button.o
 .debug_macro   0x000000000001454a       0x34 ./Core/Button/Button.o
 .debug_macro   0x000000000001457e       0x3c ./Core/Button/Button.o
 .debug_macro   0x00000000000145ba       0x57 ./Core/Button/Button.o
 .debug_macro   0x0000000000014611       0x87 ./Core/Button/Button.o
 .debug_macro   0x0000000000014698      0x183 ./Core/Button/Button.o
 .debug_macro   0x000000000001481b      0x140 ./Core/Button/Button.o
 .debug_macro   0x000000000001495b      0x8ed ./Core/Button/Button.o
 .debug_macro   0x0000000000015248       0x69 ./Core/Button/Button.o
 .debug_macro   0x00000000000152b1       0x64 ./Core/Button/Button.o
 .debug_macro   0x0000000000015315       0x34 ./Core/Button/Button.o
 .debug_macro   0x0000000000015349      0x1d2 ./Core/LED/LED.o
 .debug_macro   0x000000000001551b       0x16 ./Core/LED/LED.o
 .debug_macro   0x0000000000015531      0x1d6 ./Core/LittleOs/Config/Task.o
 .debug_macro   0x0000000000015707       0x1c ./Core/LittleOs/Config/Task.o
 .debug_macro   0x0000000000015723      0x1e5 ./Core/LittleOs/Core/OS.o
 .debug_macro   0x0000000000015908       0x10 ./Core/LittleOs/Core/OS.o
 .debug_macro   0x0000000000015918      0x1b0 ./Core/Src/gpio.o
 .debug_macro   0x0000000000015ac8      0x1fd ./Core/Src/main.o
 .debug_macro   0x0000000000015cc5      0x1a6 ./Core/Src/stm32f1xx_hal_msp.o
 .debug_macro   0x0000000000015e6b      0x1b0 ./Core/Src/stm32f1xx_it.o
 .debug_macro   0x000000000001601b      0x197 ./Core/Src/system_stm32f1xx.o
 .debug_macro   0x00000000000161b2      0x1b0 ./Core/Src/tim.o
 .debug_macro   0x0000000000016362      0x1bb ./Drivers/STM32F1xx_HAL_Driver/Src/stm32f1xx_hal.o
 .debug_macro   0x000000000001651d      0x197 ./Drivers/STM32F1xx_HAL_Driver/Src/stm32f1xx_hal_cortex.o
 .debug_macro   0x00000000000166b4      0x202 ./Drivers/STM32F1xx_HAL_Driver/Src/stm32f1xx_hal_gpio.o
 .debug_macro   0x00000000000168b6      0x1a9 ./Drivers/STM32F1xx_HAL_Driver/Src/stm32f1xx_hal_rcc.o
 .debug_macro   0x0000000000016a5f      0x198 ./Drivers/STM32F1xx_HAL_Driver/Src/stm32f1xx_hal_tim.o
 .debug_macro   0x0000000000016bf7      0x197 ./Drivers/STM32F1xx_HAL_Driver/Src/stm32f1xx_hal_tim_ex.o

.debug_line     0x0000000000000000     0xbf74
 .debug_line    0x0000000000000000      0x70b ./Core/Button/Button.o
 .debug_line    0x000000000000070b      0x702 ./Core/LED/LED.o
 .debug_line    0x0000000000000e0d      0x7c5 ./Core/LittleOs/Config/Task.o
 .debug_line    0x00000000000015d2      0x82f ./Core/LittleOs/Core/OS.o
 .debug_line    0x0000000000001e01      0x684 ./Core/Src/gpio.o
 .debug_line    0x0000000000002485      0x8ef ./Core/Src/main.o
 .debug_line    0x0000000000002d74      0x661 ./Core/Src/stm32f1xx_hal_msp.o
 .debug_line    0x00000000000033d5      0x73c ./Core/Src/stm32f1xx_it.o
 .debug_line    0x0000000000003b11      0x6e0 ./Core/Src/system_stm32f1xx.o
 .debug_line    0x00000000000041f1      0x6cf ./Core/Src/tim.o
 .debug_line    0x00000000000048c0       0x86 ./Core/Startup/startup_stm32f103c6tx.o
 .debug_line    0x0000000000004946      0x90d ./Drivers/STM32F1xx_HAL_Driver/Src/stm32f1xx_hal.o
 .debug_line    0x0000000000005253      0xaf5 ./Drivers/STM32F1xx_HAL_Driver/Src/stm32f1xx_hal_cortex.o
 .debug_line    0x0000000000005d48      0x991 ./Drivers/STM32F1xx_HAL_Driver/Src/stm32f1xx_hal_gpio.o
 .debug_line    0x00000000000066d9      0xd19 ./Drivers/STM32F1xx_HAL_Driver/Src/stm32f1xx_hal_rcc.o
 .debug_line    0x00000000000073f2     0x334f ./Drivers/STM32F1xx_HAL_Driver/Src/stm32f1xx_hal_tim.o
 .debug_line    0x000000000000a741     0x1833 ./Drivers/STM32F1xx_HAL_Driver/Src/stm32f1xx_hal_tim_ex.o

.debug_str      0x0000000000000000    0x8219d
 .debug_str     0x0000000000000000    0x7f56e ./Core/Button/Button.o
                                      0x7f8aa (size before relaxing)
 .debug_str     0x000000000007f56e       0xee ./Core/LED/LED.o
                                      0x7f8f0 (size before relaxing)
 .debug_str     0x000000000007f65c       0xcf ./Core/LittleOs/Config/Task.o
                                      0x7f964 (size before relaxing)
 .debug_str     0x000000000007f72b       0x5f ./Core/LittleOs/Core/OS.o
                                      0x7f96a (size before relaxing)
 .debug_str     0x000000000007f78a       0xbe ./Core/Src/gpio.o
                                      0x7f724 (size before relaxing)
 .debug_str     0x000000000007f848      0x625 ./Core/Src/main.o
                                      0x7ff76 (size before relaxing)
 .debug_str     0x000000000007fe6d       0x2c ./Core/Src/stm32f1xx_hal_msp.o
                                      0x7f67e (size before relaxing)
 .debug_str     0x000000000007fe99       0xec ./Core/Src/stm32f1xx_it.o
                                      0x7fbb2 (size before relaxing)
 .debug_str     0x000000000007ff85       0x88 ./Core/Src/system_stm32f1xx.o
                                      0x7f58e (size before relaxing)
 .debug_str     0x000000000008000d      0x3ac ./Core/Src/tim.o
                                      0x7ff93 (size before relaxing)
 .debug_str     0x00000000000803b9       0x36 ./Core/Startup/startup_stm32f103c6tx.o
                                         0x98 (size before relaxing)
 .debug_str     0x00000000000803ef      0x38e ./Drivers/STM32F1xx_HAL_Driver/Src/stm32f1xx_hal.o
                                      0x7fc87 (size before relaxing)
 .debug_str     0x000000000008077d      0x29e ./Drivers/STM32F1xx_HAL_Driver/Src/stm32f1xx_hal_cortex.o
                                      0x7fbd3 (size before relaxing)
 .debug_str     0x0000000000080a1b      0x2f6 ./Drivers/STM32F1xx_HAL_Driver/Src/stm32f1xx_hal_gpio.o
                                      0x7f914 (size before relaxing)
 .debug_str     0x0000000000080d11      0x229 ./Drivers/STM32F1xx_HAL_Driver/Src/stm32f1xx_hal_rcc.o
                                      0x7f9bd (size before relaxing)
 .debug_str     0x0000000000080f3a      0xdd0 ./Drivers/STM32F1xx_HAL_Driver/Src/stm32f1xx_hal_tim.o
                                      0x809af (size before relaxing)
 .debug_str     0x0000000000081d0a      0x493 ./Drivers/STM32F1xx_HAL_Driver/Src/stm32f1xx_hal_tim_ex.o
                                      0x801cb (size before relaxing)

.comment        0x0000000000000000       0x50
 .comment       0x0000000000000000       0x50 ./Core/Button/Button.o
                                         0x51 (size before relaxing)
 .comment       0x0000000000000050       0x51 ./Core/LED/LED.o
 .comment       0x0000000000000050       0x51 ./Core/LittleOs/Config/Task.o
 .comment       0x0000000000000050       0x51 ./Core/LittleOs/Core/OS.o
 .comment       0x0000000000000050       0x51 ./Core/Src/gpio.o
 .comment       0x0000000000000050       0x51 ./Core/Src/main.o
 .comment       0x0000000000000050       0x51 ./Core/Src/stm32f1xx_hal_msp.o
 .comment       0x0000000000000050       0x51 ./Core/Src/stm32f1xx_it.o
 .comment       0x0000000000000050       0x51 ./Core/Src/system_stm32f1xx.o
 .comment       0x0000000000000050       0x51 ./Core/Src/tim.o
 .comment       0x0000000000000050       0x51 ./Drivers/STM32F1xx_HAL_Driver/Src/stm32f1xx_hal.o
 .comment       0x0000000000000050       0x51 ./Drivers/STM32F1xx_HAL_Driver/Src/stm32f1xx_hal_cortex.o
 .comment       0x0000000000000050       0x51 ./Drivers/STM32F1xx_HAL_Driver/Src/stm32f1xx_hal_gpio.o
 .comment       0x0000000000000050       0x51 ./Drivers/STM32F1xx_HAL_Driver/Src/stm32f1xx_hal_rcc.o
 .comment       0x0000000000000050       0x51 ./Drivers/STM32F1xx_HAL_Driver/Src/stm32f1xx_hal_tim.o
 .comment       0x0000000000000050       0x51 ./Drivers/STM32F1xx_HAL_Driver/Src/stm32f1xx_hal_tim_ex.o

.debug_frame    0x0000000000000000     0x27ac
 .debug_frame   0x0000000000000000       0x70 ./Core/Button/Button.o
 .debug_frame   0x0000000000000070       0x34 ./Core/LED/LED.o
 .debug_frame   0x00000000000000a4       0xcc ./Core/LittleOs/Config/Task.o
 .debug_frame   0x0000000000000170       0x54 ./Core/LittleOs/Core/OS.o
 .debug_frame   0x00000000000001c4       0x34 ./Core/Src/gpio.o
 .debug_frame   0x00000000000001f8       0x8c ./Core/Src/main.o
 .debug_frame   0x0000000000000284       0x38 ./Core/Src/stm32f1xx_hal_msp.o
 .debug_frame   0x00000000000002bc      0x120 ./Core/Src/stm32f1xx_it.o
 .debug_frame   0x00000000000003dc       0x58 ./Core/Src/system_stm32f1xx.o
 .debug_frame   0x0000000000000434       0x7c ./Core/Src/tim.o
 .debug_frame   0x00000000000004b0      0x334 ./Drivers/STM32F1xx_HAL_Driver/Src/stm32f1xx_hal.o
 .debug_frame   0x00000000000007e4      0x428 ./Drivers/STM32F1xx_HAL_Driver/Src/stm32f1xx_hal_cortex.o
 .debug_frame   0x0000000000000c0c      0x14c ./Drivers/STM32F1xx_HAL_Driver/Src/stm32f1xx_hal_gpio.o
 .debug_frame   0x0000000000000d58      0x218 ./Drivers/STM32F1xx_HAL_Driver/Src/stm32f1xx_hal_rcc.o
 .debug_frame   0x0000000000000f70     0x11b8 ./Drivers/STM32F1xx_HAL_Driver/Src/stm32f1xx_hal_tim.o
 .debug_frame   0x0000000000002128      0x638 ./Drivers/STM32F1xx_HAL_Driver/Src/stm32f1xx_hal_tim_ex.o
 .debug_frame   0x0000000000002760       0x2c c:/st/stm32cubeide_1.12.0/stm32cubeide/plugins/com.st.stm32cube.ide.mcu.externaltools.gnu-tools-for-stm32.10.3-2021.10.win32_1.0.200.202301161003/tools/bin/../lib/gcc/arm-none-eabi/10.3.1/../../../../arm-none-eabi/lib/thumb/v7-m/nofp\libc_nano.a(lib_a-init.o)
 .debug_frame   0x000000000000278c       0x20 c:/st/stm32cubeide_1.12.0/stm32cubeide/plugins/com.st.stm32cube.ide.mcu.externaltools.gnu-tools-for-stm32.10.3-2021.10.win32_1.0.200.202301161003/tools/bin/../lib/gcc/arm-none-eabi/10.3.1/../../../../arm-none-eabi/lib/thumb/v7-m/nofp\libc_nano.a(lib_a-memset.o)
